../Core/Inc/softTimer.h:23:3:softwareTimer::~softwareTimer()	16	static
../Core/Src/main.cpp:79:5:int main()	24	static
../Core/Src/main.cpp:154:6:void SystemClock_Config()	88	static
../Core/Src/main.cpp:197:6:void HAL_TIM_PeriodElapsedCallback(TIM_HandleTypeDef*)	16	static
../Core/Src/main.cpp:210:6:void Error_Handler()	4	static,ignoring_inline_asm
../Core/Src/main.cpp:219:1:void __static_initialization_and_destruction_0()	8	static
../Core/Src/main.cpp:219:1:void __static_initialization_and_destruction_1()	8	static
../Core/Src/main.cpp:219:1:cpp)	8	static
../Core/Src/main.cpp:219:1:cpp)	8	static
